Flow report for joystick
Tue Sep 29 13:13:37 2026
Quartus II 64-Bit Version 13.0.1 Build 232 06/12/2013 Service Pack 1 SJ Web Edition


---------------------
; Table of Contents ;
---------------------
  1. Legal Notice
  2. Flow Summary
  3. Flow Settings
  4. Flow Non-Default Global Settings
  5. Flow Elapsed Time
  6. Flow OS Summary
  7. Flow Log
  8. Flow Messages
  9. Flow Suppressed Messages



----------------
; Legal Notice ;
----------------
Copyright (C) 1991-2013 Altera Corporation
Your use of Altera Corporation's design tools, logic functions 
and other software and tools, and its AMPP partner logic 
functions, and any output files from any of the foregoing 
(including device programming or simulation files), and any 
associated documentation or information are expressly subject 
to the terms and conditions of the Altera Program License 
Subscription Agreement, Altera MegaCore Function License 
Agreement, or other applicable license agreement, including, 
without limitation, that your use is for the sole purpose of 
programming logic devices manufactured by Altera and sold by 
Altera or its authorized distributors.  Please refer to the 
applicable agreement for further details.



+--------------------------------------------------------------------------------------+
; Flow Summary                                                                         ;
+------------------------------------+-------------------------------------------------+
; Flow Status                        ; Successful - Tue Sep 29 13:13:34 2026           ;
; Quartus II 64-Bit Version          ; 13.0.1 Build 232 06/12/2013 SP 1 SJ Web Edition ;
; Revision Name                      ; joystick                                        ;
; Top-level Entity Name              ; JOYSTICK                                        ;
; Family                             ; Cyclone II                                      ;
; Device                             ; EP2C5T144C8                                     ;
; Timing Models                      ; Final                                           ;
; Total logic elements               ; 6 / 4,608 ( < 1 % )                             ;
;     Total combinational functions  ; 6 / 4,608 ( < 1 % )                             ;
;     Dedicated logic registers      ; 0 / 4,608 ( 0 % )                               ;
; Total registers                    ; 0                                               ;
; Total pins                         ; 12 / 89 ( 13 % )                                ;
; Total virtual pins                 ; 0                                               ;
; Total memory bits                  ; 0 / 119,808 ( 0 % )                             ;
; Embedded Multiplier 9-bit elements ; 0 / 26 ( 0 % )                                  ;
; Total PLLs                         ; 0 / 2 ( 0 % )                                   ;
+------------------------------------+-------------------------------------------------+


+-----------------------------------------+
; Flow Settings                           ;
+-------------------+---------------------+
; Option            ; Setting             ;
+-------------------+---------------------+
; Start date & time ; 09/29/2026 13:13:28 ;
; Main task         ; Compilation         ;
; Revision Name     ; joystick            ;
+-------------------+---------------------+


+------------------------------------------------------------------------------------------------------------------------------------------------------+
; Flow Non-Default Global Settings                                                                                                                     ;
+---------------------------------------+-------------------------------------------------------------------+---------------+-------------+------------+
; Assignment Name                       ; Value                                                             ; Default Value ; Entity Name ; Section Id ;
+---------------------------------------+-------------------------------------------------------------------+---------------+-------------+------------+
; COMPILER_SIGNATURE_ID                 ; 53447173696452.179068040717784                                    ; --            ; --          ; --         ;
; MAX_CORE_JUNCTION_TEMP                ; 85                                                                ; --            ; --          ; --         ;
; MIN_CORE_JUNCTION_TEMP                ; 0                                                                 ; --            ; --          ; --         ;
; MISC_FILE                             ; D:/xiaoguang/FPGA data/EPM1270/program/VHDL/joystick/joystick.dpf ; --            ; --          ; --         ;
; MISC_FILE                             ; D:/fpga_project/EP3C40/vhdl/joystick/joystick.dpf                 ; --            ; --          ; --         ;
; MISC_FILE                             ; E:/Program/EP2C8Q/vhdl/JOYSTICK/joystick.dpf                      ; --            ; --          ; --         ;
; OUTPUT_IO_TIMING_FAR_END_VMEAS        ; Half Signal Swing                                                 ; --            ; --          ; --         ;
; OUTPUT_IO_TIMING_FAR_END_VMEAS        ; Half Signal Swing                                                 ; --            ; --          ; --         ;
; OUTPUT_IO_TIMING_NEAR_END_VMEAS       ; Half Vccio                                                        ; --            ; --          ; --         ;
; OUTPUT_IO_TIMING_NEAR_END_VMEAS       ; Half Vccio                                                        ; --            ; --          ; --         ;
; PARTITION_COLOR                       ; 16764057                                                          ; --            ; --          ; Top        ;
; PARTITION_FITTER_PRESERVATION_LEVEL   ; PLACEMENT_AND_ROUTING                                             ; --            ; --          ; Top        ;
; PARTITION_NETLIST_TYPE                ; SOURCE                                                            ; --            ; --          ; Top        ;
; POWER_EXT_SUPPLY_VOLTAGE_TO_REGULATOR ; 3.3V                                                              ; --            ; --          ; --         ;
+---------------------------------------+-------------------------------------------------------------------+---------------+-------------+------------+


+-------------------------------------------------------------------------------------------------------------------------------+
; Flow Elapsed Time                                                                                                             ;
+---------------------------+--------------+-------------------------+---------------------+------------------------------------+
; Module Name               ; Elapsed Time ; Average Processors Used ; Peak Virtual Memory ; Total CPU Time (on all processors) ;
+---------------------------+--------------+-------------------------+---------------------+------------------------------------+
; Analysis & Synthesis      ; 00:00:02     ; 1.0                     ; 4623 MB             ; 00:00:02                           ;
; Fitter                    ; 00:00:02     ; 1.0                     ; 5291 MB             ; 00:00:03                           ;
; Assembler                 ; 00:00:01     ; 1.0                     ; 4561 MB             ; 00:00:01                           ;
; TimeQuest Timing Analyzer ; 00:00:02     ; 1.0                     ; 4567 MB             ; 00:00:01                           ;
; Total                     ; 00:00:07     ; --                      ; --                  ; 00:00:07                           ;
+---------------------------+--------------+-------------------------+---------------------+------------------------------------+


+----------------------------------------------------------------------------------------+
; Flow OS Summary                                                                        ;
+---------------------------+------------------+-----------+------------+----------------+
; Module Name               ; Machine Hostname ; OS Name   ; OS Version ; Processor type ;
+---------------------------+------------------+-----------+------------+----------------+
; Analysis & Synthesis      ; TF-DK            ; Windows 7 ; 6.2        ; x86_64         ;
; Fitter                    ; TF-DK            ; Windows 7 ; 6.2        ; x86_64         ;
; Assembler                 ; TF-DK            ; Windows 7 ; 6.2        ; x86_64         ;
; TimeQuest Timing Analyzer ; TF-DK            ; Windows 7 ; 6.2        ; x86_64         ;
+---------------------------+------------------+-----------+------------+----------------+


------------
; Flow Log ;
------------
quartus_map --read_settings_files=on --write_settings_files=off joystick -c joystick
quartus_fit --read_settings_files=off --write_settings_files=off joystick -c joystick
quartus_asm --read_settings_files=off --write_settings_files=off joystick -c joystick
quartus_sta joystick -c joystick



